// Jest Snapshot v1, https://goo.gl/fbAQLP

exports[`renders correctly 1`] = `
Array [
  <header
    className="container css-1wjo8ce"
  >
    <h1
      className="css-1x37sa6"
    >
      Battleship TDD
    </h1>
    <nav
      className="css-14eek9t"
    >
      <p
        className="css-ivilhj"
      >
        Follow me
      </p>
      <a
        className="css-19fbsuz"
        href="https://github.com/daxas-boop/"
        rel="noopener noreferrer"
        target="_blank"
      >
        <i
          className="nes-icon github nes-pointer"
        />
      </a>
    </nav>
  </header>,
  <div
    className="nes-container is-rounded css-1h4szzi"
  >
    <button
      className="nes-btn css-1s45q0u"
      onClick={[Function]}
    >
      New game
    </button>
    <button
      className="nes-btn css-1s45q0u"
      onClick={[Function]}
    >
      How to Play
    </button>
    <a
      className="css-1hfqtwh"
      href="https://github.com/daxas-boop/"
      rel="noopener noreferrer"
      target="_blank"
    >
      <i
        className="nes-icon github nes-pointer is-medium"
      />
    </a>
  </div>,
]
`;
