// Jest Snapshot v1, https://goo.gl/fbAQLP

exports[`renders correctly 1`] = `
Array [
  <button
    className="css-1esthja"
    onClick={[Function]}
  >
    STAR GAME
  </button>,
  <h3
    className="css-1esthja"
  />,
  <section
    className="css-1husv38"
  >
    <div
      className="css-gllp9"
    >
      <h2
        className="css-19fbsuz"
      >
        pepe
      </h2>
      <div
        className="css-962ffz"
      >
        <div
          className="css-t8bto6"
        >
          <div
            className="css-pskt5p"
            data-cord1={0}
            data-cord2={0}
            data-player="pepe"
            onClick={[Function]}
          />
          <div
            className="css-pskt5p"
            data-cord1={0}
            data-cord2={1}
            data-player="pepe"
            onClick={[Function]}
          />
          <div
            className="css-pskt5p"
            data-cord1={0}
            data-cord2={2}
            data-player="pepe"
            onClick={[Function]}
          />
          <div
            className="css-pskt5p"
            data-cord1={0}
            data-cord2={3}
            data-player="pepe"
            onClick={[Function]}
          />
          <div
            className="css-pskt5p"
            data-cord1={0}
            data-cord2={4}
            data-player="pepe"
            onClick={[Function]}
          />
          <div
            className="css-pskt5p"
            data-cord1={0}
            data-cord2={5}
            data-player="pepe"
            onClick={[Function]}
          />
          <div
            className="css-pskt5p"
            data-cord1={0}
            data-cord2={6}
            data-player="pepe"
            onClick={[Function]}
          />
          <div
            className="css-pskt5p"
            data-cord1={0}
            data-cord2={7}
            data-player="pepe"
            onClick={[Function]}
          />
          <div
            className="css-pskt5p"
            data-cord1={0}
            data-cord2={8}
            data-player="pepe"
            onClick={[Function]}
          />
          <div
            className="css-pskt5p"
            data-cord1={0}
            data-cord2={9}
            data-player="pepe"
            onClick={[Function]}
          />
        </div>
        <div
          className="css-t8bto6"
        >
          <div
            className="css-pskt5p"
            data-cord1={1}
            data-cord2={0}
            data-player="pepe"
            onClick={[Function]}
          />
          <div
            className="css-pskt5p"
            data-cord1={1}
            data-cord2={1}
            data-player="pepe"
            onClick={[Function]}
          />
          <div
            className="css-pskt5p"
            data-cord1={1}
            data-cord2={2}
            data-player="pepe"
            onClick={[Function]}
          />
          <div
            className="css-pskt5p"
            data-cord1={1}
            data-cord2={3}
            data-player="pepe"
            onClick={[Function]}
          />
          <div
            className="css-pskt5p"
            data-cord1={1}
            data-cord2={4}
            data-player="pepe"
            onClick={[Function]}
          />
          <div
            className="css-pskt5p"
            data-cord1={1}
            data-cord2={5}
            data-player="pepe"
            onClick={[Function]}
          />
          <div
            className="css-pskt5p"
            data-cord1={1}
            data-cord2={6}
            data-player="pepe"
            onClick={[Function]}
          />
          <div
            className="css-pskt5p"
            data-cord1={1}
            data-cord2={7}
            data-player="pepe"
            onClick={[Function]}
          />
          <div
            className="css-pskt5p"
            data-cord1={1}
            data-cord2={8}
            data-player="pepe"
            onClick={[Function]}
          />
          <div
            className="css-pskt5p"
            data-cord1={1}
            data-cord2={9}
            data-player="pepe"
            onClick={[Function]}
          />
        </div>
        <div
          className="css-t8bto6"
        >
          <div
            className="css-pskt5p"
            data-cord1={2}
            data-cord2={0}
            data-player="pepe"
            onClick={[Function]}
          />
          <div
            className="css-pskt5p"
            data-cord1={2}
            data-cord2={1}
            data-player="pepe"
            onClick={[Function]}
          />
          <div
            className="css-pskt5p"
            data-cord1={2}
            data-cord2={2}
            data-player="pepe"
            onClick={[Function]}
          />
          <div
            className="css-pskt5p"
            data-cord1={2}
            data-cord2={3}
            data-player="pepe"
            onClick={[Function]}
          />
          <div
            className="css-pskt5p"
            data-cord1={2}
            data-cord2={4}
            data-player="pepe"
            onClick={[Function]}
          />
          <div
            className="css-pskt5p"
            data-cord1={2}
            data-cord2={5}
            data-player="pepe"
            onClick={[Function]}
          />
          <div
            className="css-pskt5p"
            data-cord1={2}
            data-cord2={6}
            data-player="pepe"
            onClick={[Function]}
          />
          <div
            className="css-pskt5p"
            data-cord1={2}
            data-cord2={7}
            data-player="pepe"
            onClick={[Function]}
          />
          <div
            className="css-pskt5p"
            data-cord1={2}
            data-cord2={8}
            data-player="pepe"
            onClick={[Function]}
          />
          <div
            className="css-pskt5p"
            data-cord1={2}
            data-cord2={9}
            data-player="pepe"
            onClick={[Function]}
          />
        </div>
        <div
          className="css-t8bto6"
        >
          <div
            className="css-pskt5p"
            data-cord1={3}
            data-cord2={0}
            data-player="pepe"
            onClick={[Function]}
          />
          <div
            className="css-pskt5p"
            data-cord1={3}
            data-cord2={1}
            data-player="pepe"
            onClick={[Function]}
          />
          <div
            className="css-pskt5p"
            data-cord1={3}
            data-cord2={2}
            data-player="pepe"
            onClick={[Function]}
          />
          <div
            className="css-pskt5p"
            data-cord1={3}
            data-cord2={3}
            data-player="pepe"
            onClick={[Function]}
          />
          <div
            className="css-pskt5p"
            data-cord1={3}
            data-cord2={4}
            data-player="pepe"
            onClick={[Function]}
          />
          <div
            className="css-pskt5p"
            data-cord1={3}
            data-cord2={5}
            data-player="pepe"
            onClick={[Function]}
          />
          <div
            className="css-pskt5p"
            data-cord1={3}
            data-cord2={6}
            data-player="pepe"
            onClick={[Function]}
          />
          <div
            className="css-pskt5p"
            data-cord1={3}
            data-cord2={7}
            data-player="pepe"
            onClick={[Function]}
          />
          <div
            className="css-pskt5p"
            data-cord1={3}
            data-cord2={8}
            data-player="pepe"
            onClick={[Function]}
          />
          <div
            className="css-pskt5p"
            data-cord1={3}
            data-cord2={9}
            data-player="pepe"
            onClick={[Function]}
          />
        </div>
        <div
          className="css-t8bto6"
        >
          <div
            className="css-pskt5p"
            data-cord1={4}
            data-cord2={0}
            data-player="pepe"
            onClick={[Function]}
          />
          <div
            className="css-pskt5p"
            data-cord1={4}
            data-cord2={1}
            data-player="pepe"
            onClick={[Function]}
          />
          <div
            className="css-pskt5p"
            data-cord1={4}
            data-cord2={2}
            data-player="pepe"
            onClick={[Function]}
          />
          <div
            className="css-pskt5p"
            data-cord1={4}
            data-cord2={3}
            data-player="pepe"
            onClick={[Function]}
          />
          <div
            className="css-pskt5p"
            data-cord1={4}
            data-cord2={4}
            data-player="pepe"
            onClick={[Function]}
          />
          <div
            className="css-pskt5p"
            data-cord1={4}
            data-cord2={5}
            data-player="pepe"
            onClick={[Function]}
          />
          <div
            className="css-pskt5p"
            data-cord1={4}
            data-cord2={6}
            data-player="pepe"
            onClick={[Function]}
          />
          <div
            className="css-pskt5p"
            data-cord1={4}
            data-cord2={7}
            data-player="pepe"
            onClick={[Function]}
          />
          <div
            className="css-pskt5p"
            data-cord1={4}
            data-cord2={8}
            data-player="pepe"
            onClick={[Function]}
          />
          <div
            className="css-pskt5p"
            data-cord1={4}
            data-cord2={9}
            data-player="pepe"
            onClick={[Function]}
          />
        </div>
        <div
          className="css-t8bto6"
        >
          <div
            className="css-pskt5p"
            data-cord1={5}
            data-cord2={0}
            data-player="pepe"
            onClick={[Function]}
          />
          <div
            className="css-pskt5p"
            data-cord1={5}
            data-cord2={1}
            data-player="pepe"
            onClick={[Function]}
          />
          <div
            className="css-pskt5p"
            data-cord1={5}
            data-cord2={2}
            data-player="pepe"
            onClick={[Function]}
          />
          <div
            className="css-pskt5p"
            data-cord1={5}
            data-cord2={3}
            data-player="pepe"
            onClick={[Function]}
          />
          <div
            className="css-pskt5p"
            data-cord1={5}
            data-cord2={4}
            data-player="pepe"
            onClick={[Function]}
          />
          <div
            className="css-pskt5p"
            data-cord1={5}
            data-cord2={5}
            data-player="pepe"
            onClick={[Function]}
          />
          <div
            className="css-pskt5p"
            data-cord1={5}
            data-cord2={6}
            data-player="pepe"
            onClick={[Function]}
          />
          <div
            className="css-pskt5p"
            data-cord1={5}
            data-cord2={7}
            data-player="pepe"
            onClick={[Function]}
          />
          <div
            className="css-pskt5p"
            data-cord1={5}
            data-cord2={8}
            data-player="pepe"
            onClick={[Function]}
          />
          <div
            className="css-pskt5p"
            data-cord1={5}
            data-cord2={9}
            data-player="pepe"
            onClick={[Function]}
          />
        </div>
        <div
          className="css-t8bto6"
        >
          <div
            className="css-pskt5p"
            data-cord1={6}
            data-cord2={0}
            data-player="pepe"
            onClick={[Function]}
          />
          <div
            className="css-pskt5p"
            data-cord1={6}
            data-cord2={1}
            data-player="pepe"
            onClick={[Function]}
          />
          <div
            className="css-pskt5p"
            data-cord1={6}
            data-cord2={2}
            data-player="pepe"
            onClick={[Function]}
          />
          <div
            className="css-pskt5p"
            data-cord1={6}
            data-cord2={3}
            data-player="pepe"
            onClick={[Function]}
          />
          <div
            className="css-pskt5p"
            data-cord1={6}
            data-cord2={4}
            data-player="pepe"
            onClick={[Function]}
          />
          <div
            className="css-pskt5p"
            data-cord1={6}
            data-cord2={5}
            data-player="pepe"
            onClick={[Function]}
          />
          <div
            className="css-pskt5p"
            data-cord1={6}
            data-cord2={6}
            data-player="pepe"
            onClick={[Function]}
          />
          <div
            className="css-pskt5p"
            data-cord1={6}
            data-cord2={7}
            data-player="pepe"
            onClick={[Function]}
          />
          <div
            className="css-pskt5p"
            data-cord1={6}
            data-cord2={8}
            data-player="pepe"
            onClick={[Function]}
          />
          <div
            className="css-pskt5p"
            data-cord1={6}
            data-cord2={9}
            data-player="pepe"
            onClick={[Function]}
          />
        </div>
        <div
          className="css-t8bto6"
        >
          <div
            className="css-pskt5p"
            data-cord1={7}
            data-cord2={0}
            data-player="pepe"
            onClick={[Function]}
          />
          <div
            className="css-pskt5p"
            data-cord1={7}
            data-cord2={1}
            data-player="pepe"
            onClick={[Function]}
          />
          <div
            className="css-pskt5p"
            data-cord1={7}
            data-cord2={2}
            data-player="pepe"
            onClick={[Function]}
          />
          <div
            className="css-pskt5p"
            data-cord1={7}
            data-cord2={3}
            data-player="pepe"
            onClick={[Function]}
          />
          <div
            className="css-pskt5p"
            data-cord1={7}
            data-cord2={4}
            data-player="pepe"
            onClick={[Function]}
          />
          <div
            className="css-pskt5p"
            data-cord1={7}
            data-cord2={5}
            data-player="pepe"
            onClick={[Function]}
          />
          <div
            className="css-pskt5p"
            data-cord1={7}
            data-cord2={6}
            data-player="pepe"
            onClick={[Function]}
          />
          <div
            className="css-pskt5p"
            data-cord1={7}
            data-cord2={7}
            data-player="pepe"
            onClick={[Function]}
          />
          <div
            className="css-pskt5p"
            data-cord1={7}
            data-cord2={8}
            data-player="pepe"
            onClick={[Function]}
          />
          <div
            className="css-pskt5p"
            data-cord1={7}
            data-cord2={9}
            data-player="pepe"
            onClick={[Function]}
          />
        </div>
        <div
          className="css-t8bto6"
        >
          <div
            className="css-pskt5p"
            data-cord1={8}
            data-cord2={0}
            data-player="pepe"
            onClick={[Function]}
          />
          <div
            className="css-pskt5p"
            data-cord1={8}
            data-cord2={1}
            data-player="pepe"
            onClick={[Function]}
          />
          <div
            className="css-pskt5p"
            data-cord1={8}
            data-cord2={2}
            data-player="pepe"
            onClick={[Function]}
          />
          <div
            className="css-pskt5p"
            data-cord1={8}
            data-cord2={3}
            data-player="pepe"
            onClick={[Function]}
          />
          <div
            className="css-pskt5p"
            data-cord1={8}
            data-cord2={4}
            data-player="pepe"
            onClick={[Function]}
          />
          <div
            className="css-pskt5p"
            data-cord1={8}
            data-cord2={5}
            data-player="pepe"
            onClick={[Function]}
          />
          <div
            className="css-pskt5p"
            data-cord1={8}
            data-cord2={6}
            data-player="pepe"
            onClick={[Function]}
          />
          <div
            className="css-pskt5p"
            data-cord1={8}
            data-cord2={7}
            data-player="pepe"
            onClick={[Function]}
          />
          <div
            className="css-pskt5p"
            data-cord1={8}
            data-cord2={8}
            data-player="pepe"
            onClick={[Function]}
          />
          <div
            className="css-pskt5p"
            data-cord1={8}
            data-cord2={9}
            data-player="pepe"
            onClick={[Function]}
          />
        </div>
        <div
          className="css-t8bto6"
        >
          <div
            className="css-pskt5p"
            data-cord1={9}
            data-cord2={0}
            data-player="pepe"
            onClick={[Function]}
          />
          <div
            className="css-pskt5p"
            data-cord1={9}
            data-cord2={1}
            data-player="pepe"
            onClick={[Function]}
          />
          <div
            className="css-pskt5p"
            data-cord1={9}
            data-cord2={2}
            data-player="pepe"
            onClick={[Function]}
          />
          <div
            className="css-pskt5p"
            data-cord1={9}
            data-cord2={3}
            data-player="pepe"
            onClick={[Function]}
          />
          <div
            className="css-pskt5p"
            data-cord1={9}
            data-cord2={4}
            data-player="pepe"
            onClick={[Function]}
          />
          <div
            className="css-pskt5p"
            data-cord1={9}
            data-cord2={5}
            data-player="pepe"
            onClick={[Function]}
          />
          <div
            className="css-pskt5p"
            data-cord1={9}
            data-cord2={6}
            data-player="pepe"
            onClick={[Function]}
          />
          <div
            className="css-pskt5p"
            data-cord1={9}
            data-cord2={7}
            data-player="pepe"
            onClick={[Function]}
          />
          <div
            className="css-pskt5p"
            data-cord1={9}
            data-cord2={8}
            data-player="pepe"
            onClick={[Function]}
          />
          <div
            className="css-pskt5p"
            data-cord1={9}
            data-cord2={9}
            data-player="pepe"
            onClick={[Function]}
          />
        </div>
      </div>
    </div>
    <div
      className="css-gllp9"
    >
      <h2
        className="css-19fbsuz"
      >
        Beep-boop i'm a robot
      </h2>
      <div
        className="css-962ffz"
      >
        <div
          className="css-t8bto6"
        >
          <div
            className="css-pskt5p"
            data-cord1={0}
            data-cord2={0}
            data-player="Beep-boop i'm a robot"
            onClick={[Function]}
          />
          <div
            className="css-pskt5p"
            data-cord1={0}
            data-cord2={1}
            data-player="Beep-boop i'm a robot"
            onClick={[Function]}
          />
          <div
            className="css-pskt5p"
            data-cord1={0}
            data-cord2={2}
            data-player="Beep-boop i'm a robot"
            onClick={[Function]}
          />
          <div
            className="css-pskt5p"
            data-cord1={0}
            data-cord2={3}
            data-player="Beep-boop i'm a robot"
            onClick={[Function]}
          />
          <div
            className="css-pskt5p"
            data-cord1={0}
            data-cord2={4}
            data-player="Beep-boop i'm a robot"
            onClick={[Function]}
          />
          <div
            className="css-pskt5p"
            data-cord1={0}
            data-cord2={5}
            data-player="Beep-boop i'm a robot"
            onClick={[Function]}
          />
          <div
            className="css-pskt5p"
            data-cord1={0}
            data-cord2={6}
            data-player="Beep-boop i'm a robot"
            onClick={[Function]}
          />
          <div
            className="css-pskt5p"
            data-cord1={0}
            data-cord2={7}
            data-player="Beep-boop i'm a robot"
            onClick={[Function]}
          />
          <div
            className="css-pskt5p"
            data-cord1={0}
            data-cord2={8}
            data-player="Beep-boop i'm a robot"
            onClick={[Function]}
          />
          <div
            className="css-pskt5p"
            data-cord1={0}
            data-cord2={9}
            data-player="Beep-boop i'm a robot"
            onClick={[Function]}
          />
        </div>
        <div
          className="css-t8bto6"
        >
          <div
            className="css-pskt5p"
            data-cord1={1}
            data-cord2={0}
            data-player="Beep-boop i'm a robot"
            onClick={[Function]}
          />
          <div
            className="css-pskt5p"
            data-cord1={1}
            data-cord2={1}
            data-player="Beep-boop i'm a robot"
            onClick={[Function]}
          />
          <div
            className="css-pskt5p"
            data-cord1={1}
            data-cord2={2}
            data-player="Beep-boop i'm a robot"
            onClick={[Function]}
          />
          <div
            className="css-pskt5p"
            data-cord1={1}
            data-cord2={3}
            data-player="Beep-boop i'm a robot"
            onClick={[Function]}
          />
          <div
            className="css-pskt5p"
            data-cord1={1}
            data-cord2={4}
            data-player="Beep-boop i'm a robot"
            onClick={[Function]}
          />
          <div
            className="css-pskt5p"
            data-cord1={1}
            data-cord2={5}
            data-player="Beep-boop i'm a robot"
            onClick={[Function]}
          />
          <div
            className="css-pskt5p"
            data-cord1={1}
            data-cord2={6}
            data-player="Beep-boop i'm a robot"
            onClick={[Function]}
          />
          <div
            className="css-pskt5p"
            data-cord1={1}
            data-cord2={7}
            data-player="Beep-boop i'm a robot"
            onClick={[Function]}
          />
          <div
            className="css-pskt5p"
            data-cord1={1}
            data-cord2={8}
            data-player="Beep-boop i'm a robot"
            onClick={[Function]}
          />
          <div
            className="css-pskt5p"
            data-cord1={1}
            data-cord2={9}
            data-player="Beep-boop i'm a robot"
            onClick={[Function]}
          />
        </div>
        <div
          className="css-t8bto6"
        >
          <div
            className="css-pskt5p"
            data-cord1={2}
            data-cord2={0}
            data-player="Beep-boop i'm a robot"
            onClick={[Function]}
          />
          <div
            className="css-pskt5p"
            data-cord1={2}
            data-cord2={1}
            data-player="Beep-boop i'm a robot"
            onClick={[Function]}
          />
          <div
            className="css-pskt5p"
            data-cord1={2}
            data-cord2={2}
            data-player="Beep-boop i'm a robot"
            onClick={[Function]}
          />
          <div
            className="css-pskt5p"
            data-cord1={2}
            data-cord2={3}
            data-player="Beep-boop i'm a robot"
            onClick={[Function]}
          />
          <div
            className="css-pskt5p"
            data-cord1={2}
            data-cord2={4}
            data-player="Beep-boop i'm a robot"
            onClick={[Function]}
          />
          <div
            className="css-pskt5p"
            data-cord1={2}
            data-cord2={5}
            data-player="Beep-boop i'm a robot"
            onClick={[Function]}
          />
          <div
            className="css-pskt5p"
            data-cord1={2}
            data-cord2={6}
            data-player="Beep-boop i'm a robot"
            onClick={[Function]}
          />
          <div
            className="css-pskt5p"
            data-cord1={2}
            data-cord2={7}
            data-player="Beep-boop i'm a robot"
            onClick={[Function]}
          />
          <div
            className="css-pskt5p"
            data-cord1={2}
            data-cord2={8}
            data-player="Beep-boop i'm a robot"
            onClick={[Function]}
          />
          <div
            className="css-pskt5p"
            data-cord1={2}
            data-cord2={9}
            data-player="Beep-boop i'm a robot"
            onClick={[Function]}
          />
        </div>
        <div
          className="css-t8bto6"
        >
          <div
            className="css-pskt5p"
            data-cord1={3}
            data-cord2={0}
            data-player="Beep-boop i'm a robot"
            onClick={[Function]}
          />
          <div
            className="css-pskt5p"
            data-cord1={3}
            data-cord2={1}
            data-player="Beep-boop i'm a robot"
            onClick={[Function]}
          />
          <div
            className="css-pskt5p"
            data-cord1={3}
            data-cord2={2}
            data-player="Beep-boop i'm a robot"
            onClick={[Function]}
          />
          <div
            className="css-pskt5p"
            data-cord1={3}
            data-cord2={3}
            data-player="Beep-boop i'm a robot"
            onClick={[Function]}
          />
          <div
            className="css-pskt5p"
            data-cord1={3}
            data-cord2={4}
            data-player="Beep-boop i'm a robot"
            onClick={[Function]}
          />
          <div
            className="css-pskt5p"
            data-cord1={3}
            data-cord2={5}
            data-player="Beep-boop i'm a robot"
            onClick={[Function]}
          />
          <div
            className="css-pskt5p"
            data-cord1={3}
            data-cord2={6}
            data-player="Beep-boop i'm a robot"
            onClick={[Function]}
          />
          <div
            className="css-pskt5p"
            data-cord1={3}
            data-cord2={7}
            data-player="Beep-boop i'm a robot"
            onClick={[Function]}
          />
          <div
            className="css-pskt5p"
            data-cord1={3}
            data-cord2={8}
            data-player="Beep-boop i'm a robot"
            onClick={[Function]}
          />
          <div
            className="css-pskt5p"
            data-cord1={3}
            data-cord2={9}
            data-player="Beep-boop i'm a robot"
            onClick={[Function]}
          />
        </div>
        <div
          className="css-t8bto6"
        >
          <div
            className="css-pskt5p"
            data-cord1={4}
            data-cord2={0}
            data-player="Beep-boop i'm a robot"
            onClick={[Function]}
          />
          <div
            className="css-pskt5p"
            data-cord1={4}
            data-cord2={1}
            data-player="Beep-boop i'm a robot"
            onClick={[Function]}
          />
          <div
            className="css-pskt5p"
            data-cord1={4}
            data-cord2={2}
            data-player="Beep-boop i'm a robot"
            onClick={[Function]}
          />
          <div
            className="css-pskt5p"
            data-cord1={4}
            data-cord2={3}
            data-player="Beep-boop i'm a robot"
            onClick={[Function]}
          />
          <div
            className="css-pskt5p"
            data-cord1={4}
            data-cord2={4}
            data-player="Beep-boop i'm a robot"
            onClick={[Function]}
          />
          <div
            className="css-pskt5p"
            data-cord1={4}
            data-cord2={5}
            data-player="Beep-boop i'm a robot"
            onClick={[Function]}
          />
          <div
            className="css-pskt5p"
            data-cord1={4}
            data-cord2={6}
            data-player="Beep-boop i'm a robot"
            onClick={[Function]}
          />
          <div
            className="css-pskt5p"
            data-cord1={4}
            data-cord2={7}
            data-player="Beep-boop i'm a robot"
            onClick={[Function]}
          />
          <div
            className="css-pskt5p"
            data-cord1={4}
            data-cord2={8}
            data-player="Beep-boop i'm a robot"
            onClick={[Function]}
          />
          <div
            className="css-pskt5p"
            data-cord1={4}
            data-cord2={9}
            data-player="Beep-boop i'm a robot"
            onClick={[Function]}
          />
        </div>
        <div
          className="css-t8bto6"
        >
          <div
            className="css-pskt5p"
            data-cord1={5}
            data-cord2={0}
            data-player="Beep-boop i'm a robot"
            onClick={[Function]}
          />
          <div
            className="css-pskt5p"
            data-cord1={5}
            data-cord2={1}
            data-player="Beep-boop i'm a robot"
            onClick={[Function]}
          />
          <div
            className="css-pskt5p"
            data-cord1={5}
            data-cord2={2}
            data-player="Beep-boop i'm a robot"
            onClick={[Function]}
          />
          <div
            className="css-pskt5p"
            data-cord1={5}
            data-cord2={3}
            data-player="Beep-boop i'm a robot"
            onClick={[Function]}
          />
          <div
            className="css-pskt5p"
            data-cord1={5}
            data-cord2={4}
            data-player="Beep-boop i'm a robot"
            onClick={[Function]}
          />
          <div
            className="css-pskt5p"
            data-cord1={5}
            data-cord2={5}
            data-player="Beep-boop i'm a robot"
            onClick={[Function]}
          />
          <div
            className="css-pskt5p"
            data-cord1={5}
            data-cord2={6}
            data-player="Beep-boop i'm a robot"
            onClick={[Function]}
          />
          <div
            className="css-pskt5p"
            data-cord1={5}
            data-cord2={7}
            data-player="Beep-boop i'm a robot"
            onClick={[Function]}
          />
          <div
            className="css-pskt5p"
            data-cord1={5}
            data-cord2={8}
            data-player="Beep-boop i'm a robot"
            onClick={[Function]}
          />
          <div
            className="css-pskt5p"
            data-cord1={5}
            data-cord2={9}
            data-player="Beep-boop i'm a robot"
            onClick={[Function]}
          />
        </div>
        <div
          className="css-t8bto6"
        >
          <div
            className="css-pskt5p"
            data-cord1={6}
            data-cord2={0}
            data-player="Beep-boop i'm a robot"
            onClick={[Function]}
          />
          <div
            className="css-pskt5p"
            data-cord1={6}
            data-cord2={1}
            data-player="Beep-boop i'm a robot"
            onClick={[Function]}
          />
          <div
            className="css-pskt5p"
            data-cord1={6}
            data-cord2={2}
            data-player="Beep-boop i'm a robot"
            onClick={[Function]}
          />
          <div
            className="css-pskt5p"
            data-cord1={6}
            data-cord2={3}
            data-player="Beep-boop i'm a robot"
            onClick={[Function]}
          />
          <div
            className="css-pskt5p"
            data-cord1={6}
            data-cord2={4}
            data-player="Beep-boop i'm a robot"
            onClick={[Function]}
          />
          <div
            className="css-pskt5p"
            data-cord1={6}
            data-cord2={5}
            data-player="Beep-boop i'm a robot"
            onClick={[Function]}
          />
          <div
            className="css-pskt5p"
            data-cord1={6}
            data-cord2={6}
            data-player="Beep-boop i'm a robot"
            onClick={[Function]}
          />
          <div
            className="css-pskt5p"
            data-cord1={6}
            data-cord2={7}
            data-player="Beep-boop i'm a robot"
            onClick={[Function]}
          />
          <div
            className="css-pskt5p"
            data-cord1={6}
            data-cord2={8}
            data-player="Beep-boop i'm a robot"
            onClick={[Function]}
          />
          <div
            className="css-pskt5p"
            data-cord1={6}
            data-cord2={9}
            data-player="Beep-boop i'm a robot"
            onClick={[Function]}
          />
        </div>
        <div
          className="css-t8bto6"
        >
          <div
            className="css-pskt5p"
            data-cord1={7}
            data-cord2={0}
            data-player="Beep-boop i'm a robot"
            onClick={[Function]}
          />
          <div
            className="css-pskt5p"
            data-cord1={7}
            data-cord2={1}
            data-player="Beep-boop i'm a robot"
            onClick={[Function]}
          />
          <div
            className="css-pskt5p"
            data-cord1={7}
            data-cord2={2}
            data-player="Beep-boop i'm a robot"
            onClick={[Function]}
          />
          <div
            className="css-pskt5p"
            data-cord1={7}
            data-cord2={3}
            data-player="Beep-boop i'm a robot"
            onClick={[Function]}
          />
          <div
            className="css-pskt5p"
            data-cord1={7}
            data-cord2={4}
            data-player="Beep-boop i'm a robot"
            onClick={[Function]}
          />
          <div
            className="css-pskt5p"
            data-cord1={7}
            data-cord2={5}
            data-player="Beep-boop i'm a robot"
            onClick={[Function]}
          />
          <div
            className="css-pskt5p"
            data-cord1={7}
            data-cord2={6}
            data-player="Beep-boop i'm a robot"
            onClick={[Function]}
          />
          <div
            className="css-pskt5p"
            data-cord1={7}
            data-cord2={7}
            data-player="Beep-boop i'm a robot"
            onClick={[Function]}
          />
          <div
            className="css-pskt5p"
            data-cord1={7}
            data-cord2={8}
            data-player="Beep-boop i'm a robot"
            onClick={[Function]}
          />
          <div
            className="css-pskt5p"
            data-cord1={7}
            data-cord2={9}
            data-player="Beep-boop i'm a robot"
            onClick={[Function]}
          />
        </div>
        <div
          className="css-t8bto6"
        >
          <div
            className="css-pskt5p"
            data-cord1={8}
            data-cord2={0}
            data-player="Beep-boop i'm a robot"
            onClick={[Function]}
          />
          <div
            className="css-pskt5p"
            data-cord1={8}
            data-cord2={1}
            data-player="Beep-boop i'm a robot"
            onClick={[Function]}
          />
          <div
            className="css-pskt5p"
            data-cord1={8}
            data-cord2={2}
            data-player="Beep-boop i'm a robot"
            onClick={[Function]}
          />
          <div
            className="css-pskt5p"
            data-cord1={8}
            data-cord2={3}
            data-player="Beep-boop i'm a robot"
            onClick={[Function]}
          />
          <div
            className="css-pskt5p"
            data-cord1={8}
            data-cord2={4}
            data-player="Beep-boop i'm a robot"
            onClick={[Function]}
          />
          <div
            className="css-pskt5p"
            data-cord1={8}
            data-cord2={5}
            data-player="Beep-boop i'm a robot"
            onClick={[Function]}
          />
          <div
            className="css-pskt5p"
            data-cord1={8}
            data-cord2={6}
            data-player="Beep-boop i'm a robot"
            onClick={[Function]}
          />
          <div
            className="css-pskt5p"
            data-cord1={8}
            data-cord2={7}
            data-player="Beep-boop i'm a robot"
            onClick={[Function]}
          />
          <div
            className="css-pskt5p"
            data-cord1={8}
            data-cord2={8}
            data-player="Beep-boop i'm a robot"
            onClick={[Function]}
          />
          <div
            className="css-pskt5p"
            data-cord1={8}
            data-cord2={9}
            data-player="Beep-boop i'm a robot"
            onClick={[Function]}
          />
        </div>
        <div
          className="css-t8bto6"
        >
          <div
            className="css-pskt5p"
            data-cord1={9}
            data-cord2={0}
            data-player="Beep-boop i'm a robot"
            onClick={[Function]}
          />
          <div
            className="css-pskt5p"
            data-cord1={9}
            data-cord2={1}
            data-player="Beep-boop i'm a robot"
            onClick={[Function]}
          />
          <div
            className="css-pskt5p"
            data-cord1={9}
            data-cord2={2}
            data-player="Beep-boop i'm a robot"
            onClick={[Function]}
          />
          <div
            className="css-pskt5p"
            data-cord1={9}
            data-cord2={3}
            data-player="Beep-boop i'm a robot"
            onClick={[Function]}
          />
          <div
            className="css-pskt5p"
            data-cord1={9}
            data-cord2={4}
            data-player="Beep-boop i'm a robot"
            onClick={[Function]}
          />
          <div
            className="css-pskt5p"
            data-cord1={9}
            data-cord2={5}
            data-player="Beep-boop i'm a robot"
            onClick={[Function]}
          />
          <div
            className="css-pskt5p"
            data-cord1={9}
            data-cord2={6}
            data-player="Beep-boop i'm a robot"
            onClick={[Function]}
          />
          <div
            className="css-pskt5p"
            data-cord1={9}
            data-cord2={7}
            data-player="Beep-boop i'm a robot"
            onClick={[Function]}
          />
          <div
            className="css-pskt5p"
            data-cord1={9}
            data-cord2={8}
            data-player="Beep-boop i'm a robot"
            onClick={[Function]}
          />
          <div
            className="css-pskt5p"
            data-cord1={9}
            data-cord2={9}
            data-player="Beep-boop i'm a robot"
            onClick={[Function]}
          />
        </div>
      </div>
    </div>
  </section>,
]
`;
